  Application.cpp
C:\Users\仙波空\OneDrive\ドキュメント\GitHub\UpTempoProject\GamePrograming\Application\resource.h(12,9): warning C4005: 'IDI_APPLICATION': マクロが再定義されました。
  (ソース ファイル 'Application.cpp' をコンパイルしています)
      C:\Program Files (x86)\Windows Kits\10\Include\10.0.22621.0\um\winuser.h(11092,9):
      'IDI_APPLICATION' の以前の定義を確認してください
  
C:\Users\仙波空\OneDrive\ドキュメント\GitHub\UpTempoProject\GamePrograming\Application\Application.cpp(132,29): warning C4244: '引数': 'int' から 'float' への変換です。データが失われる可能性があります。
C:\Users\仙波空\OneDrive\ドキュメント\GitHub\UpTempoProject\GamePrograming\Application\Application.cpp(236,6): warning C4244: '=': 'float' から 'int' への変換です。データが失われる可能性があります。
C:\Users\仙波空\OneDrive\ドキュメント\GitHub\UpTempoProject\GamePrograming\Application\Application.cpp(237,6): warning C4244: '=': 'float' から 'int' への変換です。データが失われる可能性があります。
  Audio.cpp
C:\Users\仙波空\OneDrive\ドキュメント\GitHub\UpTempoProject\GamePrograming\Application\Source\DirectX\Audio.cpp(44,20): warning C4018: '<': signed と unsigned の数値を比較しようとしました。
  Direct3D.cpp
C:\Users\仙波空\OneDrive\ドキュメント\GitHub\UpTempoProject\GamePrograming\Application\Source\DirectX\Direct3D.cpp(267,38): warning C4244: '引数': 'int' から 'float' への変換です。データが失われる可能性があります。
C:\Users\仙波空\OneDrive\ドキュメント\GitHub\UpTempoProject\GamePrograming\Application\Source\DirectX\Direct3D.cpp(267,31): warning C4244: '引数': 'int' から 'float' への変換です。データが失われる可能性があります。
  Input.cpp
C:\Users\仙波空\OneDrive\ドキュメント\GitHub\UpTempoProject\GamePrograming\Application\resource.h(12,9): warning C4005: 'IDI_APPLICATION': マクロが再定義されました。
  (ソース ファイル 'Source/DirectX/Input.cpp' をコンパイルしています)
      C:\Program Files (x86)\Windows Kits\10\Include\10.0.22621.0\um\winuser.h(11092,9):
      'IDI_APPLICATION' の以前の定義を確認してください
  
  Texture.cpp
  Bear.cpp
  Camera.cpp
  Controller.cpp
  Effect.cpp
C:\Users\仙波空\OneDrive\ドキュメント\GitHub\UpTempoProject\GamePrograming\Application\Source\Game\Effect.cpp(22,16): warning C4244: '=': 'int' から 'float' への変換です。データが失われる可能性があります。
C:\Users\仙波空\OneDrive\ドキュメント\GitHub\UpTempoProject\GamePrograming\Application\Source\Game\Effect.cpp(50,23): warning C4244: '=': 'float' から 'int' への変換です。データが失われる可能性があります。
  EffectManager.cpp
C:\Users\仙波空\OneDrive\ドキュメント\GitHub\UpTempoProject\GamePrograming\Application\Source\Game\EffectManager.cpp(21,7): warning C4101: 'test': ローカル変数は 1 度も使われていません。
  Field.cpp
C:\Users\仙波空\OneDrive\ドキュメント\GitHub\UpTempoProject\GamePrograming\Application\Source\Game\Field.cpp(43,35): warning C4244: '引数': 'int' から 'float' への変換です。データが失われる可能性があります。
  FieldManager.cpp
  FieldObject.cpp
  HitStop.cpp
  Kokeshi.cpp
  PC.cpp
  Phase.cpp
  PlayerManager.cpp
C:\Users\仙波空\OneDrive\ドキュメント\GitHub\UpTempoProject\GamePrograming\Application\Source\Game\PlayerManager.cpp(28,29): warning C4244: '引数': 'int' から 'float' への変換です。データが失われる可能性があります。
  ThrowObject.cpp
C:\Users\仙波空\OneDrive\ドキュメント\GitHub\UpTempoProject\GamePrograming\Application\Source\Game\ThrowObject.cpp(168,39): warning C4244: '引数': 'int' から 'float' への変換です。データが失われる可能性があります。
C:\Users\仙波空\OneDrive\ドキュメント\GitHub\UpTempoProject\GamePrograming\Application\Source\Game\ThrowObject.cpp(182,14): warning C4244: '初期化中': 'float' から 'int' への変換です。データが失われる可能性があります。
  GameObject.cpp
  コードを生成中...
  コンパイル中...
  GameScene.cpp
  GameSystem.cpp
  Ground.cpp
  Physics.cpp
  Player.cpp
C:\Users\仙波空\OneDrive\ドキュメント\GitHub\UpTempoProject\GamePrograming\Application\Source\Game\Player.cpp(42,49): warning C4267: '=': 'size_t' から 'uint16' に変換しました。データが失われているかもしれません。
C:\Users\仙波空\OneDrive\ドキュメント\GitHub\UpTempoProject\GamePrograming\Application\Source\Game\Player.cpp(80,53): warning C4244: '=': 'double' から 'float' への変換です。データが失われる可能性があります。
  ThrowObjectManager.cpp
  WoodenBox.cpp
  コードを生成中...
C:\Program Files (x86)\Windows Kits\10\Include\10.0.22621.0\um\winuser.rh(1397): warning RC4005: 'IDI_APPLICATION' : redefinition
  
box2dd.lib(b2_body.obj) : warning LNK4099: PDB '' が 'box2dd.lib(b2_body.obj)' で、または '' に見つかりません。デバッグ情報がないものとして、オブジェクトにリンクします。
box2dd.lib(b2_fixture.obj) : warning LNK4099: PDB '' が 'box2dd.lib(b2_fixture.obj)' で、または '' に見つかりません。デバッグ情報がないものとして、オブジェクトにリンクします。
box2dd.lib(b2_world.obj) : warning LNK4099: PDB '' が 'box2dd.lib(b2_world.obj)' で、または '' に見つかりません。デバッグ情報がないものとして、オブジェクトにリンクします。
box2dd.lib(b2_revolute_joint.obj) : warning LNK4099: PDB '' が 'box2dd.lib(b2_revolute_joint.obj)' で、または '' に見つかりません。デバッグ情報がないものとして、オブジェクトにリンクします。
box2dd.lib(b2_polygon_shape.obj) : warning LNK4099: PDB '' が 'box2dd.lib(b2_polygon_shape.obj)' で、または '' に見つかりません。デバッグ情報がないものとして、オブジェクトにリンクします。
box2dd.lib(b2_settings.obj) : warning LNK4099: PDB '' が 'box2dd.lib(b2_settings.obj)' で、または '' に見つかりません。デバッグ情報がないものとして、オブジェクトにリンクします。
box2dd.lib(b2_block_allocator.obj) : warning LNK4099: PDB '' が 'box2dd.lib(b2_block_allocator.obj)' で、または '' に見つかりません。デバッグ情報がないものとして、オブジェクトにリンクします。
box2dd.lib(b2_broad_phase.obj) : warning LNK4099: PDB '' が 'box2dd.lib(b2_broad_phase.obj)' で、または '' に見つかりません。デバッグ情報がないものとして、オブジェクトにリンクします。
box2dd.lib(b2_contact_manager.obj) : warning LNK4099: PDB '' が 'box2dd.lib(b2_contact_manager.obj)' で、または '' に見つかりません。デバッグ情報がないものとして、オブジェクトにリンクします。
box2dd.lib(b2_math.obj) : warning LNK4099: PDB '' が 'box2dd.lib(b2_math.obj)' で、または '' に見つかりません。デバッグ情報がないものとして、オブジェクトにリンクします。
box2dd.lib(b2_island.obj) : warning LNK4099: PDB '' が 'box2dd.lib(b2_island.obj)' で、または '' に見つかりません。デバッグ情報がないものとして、オブジェクトにリンクします。
box2dd.lib(b2_dynamic_tree.obj) : warning LNK4099: PDB '' が 'box2dd.lib(b2_dynamic_tree.obj)' で、または '' に見つかりません。デバッグ情報がないものとして、オブジェクトにリンクします。
box2dd.lib(b2_contact.obj) : warning LNK4099: PDB '' が 'box2dd.lib(b2_contact.obj)' で、または '' に見つかりません。デバッグ情報がないものとして、オブジェクトにリンクします。
box2dd.lib(b2_draw.obj) : warning LNK4099: PDB '' が 'box2dd.lib(b2_draw.obj)' で、または '' に見つかりません。デバッグ情報がないものとして、オブジェクトにリンクします。
box2dd.lib(b2_joint.obj) : warning LNK4099: PDB '' が 'box2dd.lib(b2_joint.obj)' で、または '' に見つかりません。デバッグ情報がないものとして、オブジェクトにリンクします。
box2dd.lib(b2_distance.obj) : warning LNK4099: PDB '' が 'box2dd.lib(b2_distance.obj)' で、または '' に見つかりません。デバッグ情報がないものとして、オブジェクトにリンクします。
box2dd.lib(b2_time_of_impact.obj) : warning LNK4099: PDB '' が 'box2dd.lib(b2_time_of_impact.obj)' で、または '' に見つかりません。デバッグ情報がないものとして、オブジェクトにリンクします。
box2dd.lib(b2_timer.obj) : warning LNK4099: PDB '' が 'box2dd.lib(b2_timer.obj)' で、または '' に見つかりません。デバッグ情報がないものとして、オブジェクトにリンクします。
box2dd.lib(b2_stack_allocator.obj) : warning LNK4099: PDB '' が 'box2dd.lib(b2_stack_allocator.obj)' で、または '' に見つかりません。デバッグ情報がないものとして、オブジェクトにリンクします。
box2dd.lib(b2_collision.obj) : warning LNK4099: PDB '' が 'box2dd.lib(b2_collision.obj)' で、または '' に見つかりません。デバッグ情報がないものとして、オブジェクトにリンクします。
box2dd.lib(b2_world_callbacks.obj) : warning LNK4099: PDB '' が 'box2dd.lib(b2_world_callbacks.obj)' で、または '' に見つかりません。デバッグ情報がないものとして、オブジェクトにリンクします。
box2dd.lib(b2_contact_solver.obj) : warning LNK4099: PDB '' が 'box2dd.lib(b2_contact_solver.obj)' で、または '' に見つかりません。デバッグ情報がないものとして、オブジェクトにリンクします。
box2dd.lib(b2_chain_circle_contact.obj) : warning LNK4099: PDB '' が 'box2dd.lib(b2_chain_circle_contact.obj)' で、または '' に見つかりません。デバッグ情報がないものとして、オブジェクトにリンクします。
box2dd.lib(b2_chain_polygon_contact.obj) : warning LNK4099: PDB '' が 'box2dd.lib(b2_chain_polygon_contact.obj)' で、または '' に見つかりません。デバッグ情報がないものとして、オブジェクトにリンクします。
box2dd.lib(b2_circle_contact.obj) : warning LNK4099: PDB '' が 'box2dd.lib(b2_circle_contact.obj)' で、または '' に見つかりません。デバッグ情報がないものとして、オブジェクトにリンクします。
box2dd.lib(b2_edge_circle_contact.obj) : warning LNK4099: PDB '' が 'box2dd.lib(b2_edge_circle_contact.obj)' で、または '' に見つかりません。デバッグ情報がないものとして、オブジェクトにリンクします。
box2dd.lib(b2_edge_polygon_contact.obj) : warning LNK4099: PDB '' が 'box2dd.lib(b2_edge_polygon_contact.obj)' で、または '' に見つかりません。デバッグ情報がないものとして、オブジェクトにリンクします。
box2dd.lib(b2_polygon_circle_contact.obj) : warning LNK4099: PDB '' が 'box2dd.lib(b2_polygon_circle_contact.obj)' で、または '' に見つかりません。デバッグ情報がないものとして、オブジェクトにリンクします。
box2dd.lib(b2_polygon_contact.obj) : warning LNK4099: PDB '' が 'box2dd.lib(b2_polygon_contact.obj)' で、または '' に見つかりません。デバッグ情報がないものとして、オブジェクトにリンクします。
box2dd.lib(b2_distance_joint.obj) : warning LNK4099: PDB '' が 'box2dd.lib(b2_distance_joint.obj)' で、または '' に見つかりません。デバッグ情報がないものとして、オブジェクトにリンクします。
box2dd.lib(b2_friction_joint.obj) : warning LNK4099: PDB '' が 'box2dd.lib(b2_friction_joint.obj)' で、または '' に見つかりません。デバッグ情報がないものとして、オブジェクトにリンクします。
box2dd.lib(b2_gear_joint.obj) : warning LNK4099: PDB '' が 'box2dd.lib(b2_gear_joint.obj)' で、または '' に見つかりません。デバッグ情報がないものとして、オブジェクトにリンクします。
box2dd.lib(b2_motor_joint.obj) : warning LNK4099: PDB '' が 'box2dd.lib(b2_motor_joint.obj)' で、または '' に見つかりません。デバッグ情報がないものとして、オブジェクトにリンクします。
box2dd.lib(b2_mouse_joint.obj) : warning LNK4099: PDB '' が 'box2dd.lib(b2_mouse_joint.obj)' で、または '' に見つかりません。デバッグ情報がないものとして、オブジェクトにリンクします。
box2dd.lib(b2_prismatic_joint.obj) : warning LNK4099: PDB '' が 'box2dd.lib(b2_prismatic_joint.obj)' で、または '' に見つかりません。デバッグ情報がないものとして、オブジェクトにリンクします。
box2dd.lib(b2_pulley_joint.obj) : warning LNK4099: PDB '' が 'box2dd.lib(b2_pulley_joint.obj)' で、または '' に見つかりません。デバッグ情報がないものとして、オブジェクトにリンクします。
box2dd.lib(b2_weld_joint.obj) : warning LNK4099: PDB '' が 'box2dd.lib(b2_weld_joint.obj)' で、または '' に見つかりません。デバッグ情報がないものとして、オブジェクトにリンクします。
box2dd.lib(b2_wheel_joint.obj) : warning LNK4099: PDB '' が 'box2dd.lib(b2_wheel_joint.obj)' で、または '' に見つかりません。デバッグ情報がないものとして、オブジェクトにリンクします。
box2dd.lib(b2_collide_edge.obj) : warning LNK4099: PDB '' が 'box2dd.lib(b2_collide_edge.obj)' で、または '' に見つかりません。デバッグ情報がないものとして、オブジェクトにリンクします。
box2dd.lib(b2_chain_shape.obj) : warning LNK4099: PDB '' が 'box2dd.lib(b2_chain_shape.obj)' で、または '' に見つかりません。デバッグ情報がないものとして、オブジェクトにリンクします。
box2dd.lib(b2_edge_shape.obj) : warning LNK4099: PDB '' が 'box2dd.lib(b2_edge_shape.obj)' で、または '' に見つかりません。デバッグ情報がないものとして、オブジェクトにリンクします。
box2dd.lib(b2_collide_circle.obj) : warning LNK4099: PDB '' が 'box2dd.lib(b2_collide_circle.obj)' で、または '' に見つかりません。デバッグ情報がないものとして、オブジェクトにリンクします。
box2dd.lib(b2_collide_polygon.obj) : warning LNK4099: PDB '' が 'box2dd.lib(b2_collide_polygon.obj)' で、または '' に見つかりません。デバッグ情報がないものとして、オブジェクトにリンクします。
  Application.vcxproj -> C:\Users\仙波空\OneDrive\ドキュメント\GitHub\UpTempoProject\GamePrograming\x64\Debug\Application.exe
